2026-06-06T03:26:58.649642426Z [inf]  Starting Container
2026-06-06T03:26:59.363043627Z [err]      ~~~~~~~~~~~~~~~^^
2026-06-06T03:26:59.363045517Z [err]      app_config = AppConfig.create(entry)
2026-06-06T03:26:59.363051563Z [err]    File "/app/.venv/lib/python3.13/site-packages/django/core/management/__init__.py", line 417, in execute
2026-06-06T03:26:59.363055926Z [err]    File "/app/.venv/lib/python3.13/site-packages/django/apps/config.py", line 193, in create
2026-06-06T03:26:59.363059351Z [err]      django.setup()
2026-06-06T03:26:59.363061783Z [err]      import_module(entry)
2026-06-06T03:26:59.363066068Z [err]      ~~~~~~~~~~~~^^
2026-06-06T03:26:59.363068516Z [err]      ~~~~~~~~~~~~~^^^^^^^
2026-06-06T03:26:59.363073255Z [err]    File "/app/.venv/lib/python3.13/site-packages/django/__init__.py", line 24, in setup
2026-06-06T03:26:59.363075317Z [err]    File "/mise/installs/python/3.13.13/lib/python3.13/importlib/__init__.py", line 88, in import_module
2026-06-06T03:26:59.363079089Z [err]      apps.populate(settings.INSTALLED_APPS)
2026-06-06T03:26:59.363083874Z [err]      ~~~~~~~~~~~~~^^^^^^^^^^^^^^^^^^^^^^^^^
2026-06-06T03:26:59.363088092Z [err]    File "/app/.venv/lib/python3.13/site-packages/django/apps/registry.py", line 91, in populate
2026-06-06T03:26:59.363133053Z [err]  Traceback (most recent call last):
2026-06-06T03:26:59.363136417Z [err]    File "/app/manage.py", line 22, in <module>
2026-06-06T03:26:59.363139604Z [err]      main()
2026-06-06T03:26:59.363143404Z [err]      ~~~~^^
2026-06-06T03:26:59.363152333Z [err]    File "/app/manage.py", line 18, in main
2026-06-06T03:26:59.363156750Z [err]      execute_from_command_line(sys.argv)
2026-06-06T03:26:59.363160072Z [err]      ~~~~~~~~~~~~~~~~~~~~~~~~~^^^^^^^^^^
2026-06-06T03:26:59.363163348Z [err]    File "/app/.venv/lib/python3.13/site-packages/django/core/management/__init__.py", line 443, in execute_from_command_line
2026-06-06T03:26:59.363168178Z [err]      utility.execute()
2026-06-06T03:26:59.364302186Z [err]    File "<frozen importlib._bootstrap>", line 1324, in _find_and_load_unlocked
2026-06-06T03:26:59.364306346Z [err]  ModuleNotFoundError: No module named 'cloudinary_storage'
2026-06-06T03:26:59.364334284Z [err]             ~~~~~~~~~~~~~~~~~~~~~~^^^^^^^^^^^^^^^^^^^^^^^^^^^^^^
2026-06-06T03:26:59.364343836Z [err]    File "<frozen importlib._bootstrap>", line 1395, in _gcd_import
2026-06-06T03:26:59.364350275Z [err]    File "<frozen importlib._bootstrap>", line 1360, in _find_and_load
2026-06-06T03:26:59.364352488Z [err]      return _bootstrap._gcd_import(name[level:], package, level)
2026-06-06T03:26:59.548084568Z [err]    File "/mise/installs/python/3.13.13/lib/python3.13/importlib/__init__.py", line 88, in import_module
2026-06-06T03:26:59.548117879Z [err]  Traceback (most recent call last):
2026-06-06T03:26:59.548123391Z [err]    File "/app/manage.py", line 22, in <module>
2026-06-06T03:26:59.548129012Z [err]      main()
2026-06-06T03:26:59.548132489Z [err]      ~~~~^^
2026-06-06T03:26:59.548136634Z [err]    File "/app/manage.py", line 18, in main
2026-06-06T03:26:59.548140146Z [err]      execute_from_command_line(sys.argv)
2026-06-06T03:26:59.548143716Z [err]      ~~~~~~~~~~~~~~~~~~~~~~~~~^^^^^^^^^^
2026-06-06T03:26:59.548147570Z [err]    File "/app/.venv/lib/python3.13/site-packages/django/core/management/__init__.py", line 443, in execute_from_command_line
2026-06-06T03:26:59.548152991Z [err]      utility.execute()
2026-06-06T03:26:59.548156425Z [err]      ~~~~~~~~~~~~~~~^^
2026-06-06T03:26:59.548161043Z [err]    File "/app/.venv/lib/python3.13/site-packages/django/core/management/__init__.py", line 417, in execute
2026-06-06T03:26:59.548164409Z [err]      django.setup()
2026-06-06T03:26:59.548168020Z [err]      ~~~~~~~~~~~~^^
2026-06-06T03:26:59.548171581Z [err]    File "/app/.venv/lib/python3.13/site-packages/django/__init__.py", line 24, in setup
2026-06-06T03:26:59.548174812Z [err]      apps.populate(settings.INSTALLED_APPS)
2026-06-06T03:26:59.548178326Z [err]      ~~~~~~~~~~~~~^^^^^^^^^^^^^^^^^^^^^^^^^
2026-06-06T03:26:59.548181584Z [err]    File "/app/.venv/lib/python3.13/site-packages/django/apps/registry.py", line 91, in populate
2026-06-06T03:26:59.548184999Z [err]      app_config = AppConfig.create(entry)
2026-06-06T03:26:59.548187928Z [err]    File "/app/.venv/lib/python3.13/site-packages/django/apps/config.py", line 193, in create
2026-06-06T03:26:59.548193612Z [err]      import_module(entry)
2026-06-06T03:26:59.548196657Z [err]      ~~~~~~~~~~~~~^^^^^^^
2026-06-06T03:26:59.549294927Z [err]      return _bootstrap._gcd_import(name[level:], package, level)
2026-06-06T03:26:59.549299475Z [err]             ~~~~~~~~~~~~~~~~~~~~~~^^^^^^^^^^^^^^^^^^^^^^^^^^^^^^
2026-06-06T03:26:59.549303027Z [err]    File "<frozen importlib._bootstrap>", line 1395, in _gcd_import
2026-06-06T03:26:59.549307775Z [err]    File "<frozen importlib._bootstrap>", line 1360, in _find_and_load
2026-06-06T03:26:59.549311476Z [err]    File "<frozen importlib._bootstrap>", line 1324, in _find_and_load_unlocked
2026-06-06T03:26:59.549314495Z [err]  ModuleNotFoundError: No module named 'cloudinary_storage'
2026-06-06T03:27:00.809216430Z [err]      apps.populate(settings.INSTALLED_APPS)
2026-06-06T03:27:00.809222318Z [err]      ~~~~~~~~~~~~~^^^^^^^^^^^^^^^^^^^^^^^^^
2026-06-06T03:27:00.809226190Z [err]    File "/app/.venv/lib/python3.13/site-packages/django/apps/registry.py", line 91, in populate
2026-06-06T03:27:00.809231970Z [err]  Traceback (most recent call last):
2026-06-06T03:27:00.809232021Z [err]      app_config = AppConfig.create(entry)
2026-06-06T03:27:00.809237748Z [err]    File "/app/.venv/lib/python3.13/site-packages/django/apps/config.py", line 193, in create
2026-06-06T03:27:00.809239223Z [err]    File "/app/manage.py", line 22, in <module>
2026-06-06T03:27:00.809243532Z [err]      import_module(entry)
2026-06-06T03:27:00.809245691Z [err]      main()
2026-06-06T03:27:00.809250450Z [err]      ~~~~~~~~~~~~~^^^^^^^
2026-06-06T03:27:00.809250608Z [err]      ~~~~^^
2026-06-06T03:27:00.809256000Z [err]    File "/app/manage.py", line 18, in main
2026-06-06T03:27:00.809257582Z [err]    File "/mise/installs/python/3.13.13/lib/python3.13/importlib/__init__.py", line 88, in import_module
2026-06-06T03:27:00.809260965Z [err]      execute_from_command_line(sys.argv)
2026-06-06T03:27:00.809263882Z [err]      ~~~~~~~~~~~~~~~~~~~~~~~~~^^^^^^^^^^
2026-06-06T03:27:00.809266707Z [err]    File "/app/.venv/lib/python3.13/site-packages/django/core/management/__init__.py", line 443, in execute_from_command_line
2026-06-06T03:27:00.809271660Z [err]      utility.execute()
2026-06-06T03:27:00.809274486Z [err]      ~~~~~~~~~~~~~~~^^
2026-06-06T03:27:00.809277529Z [err]    File "/app/.venv/lib/python3.13/site-packages/django/core/management/__init__.py", line 417, in execute
2026-06-06T03:27:00.809280280Z [err]      django.setup()
2026-06-06T03:27:00.809283129Z [err]      ~~~~~~~~~~~~^^
2026-06-06T03:27:00.809286247Z [err]    File "/app/.venv/lib/python3.13/site-packages/django/__init__.py", line 24, in setup
2026-06-06T03:27:00.810375275Z [err]      return _bootstrap._gcd_import(name[level:], package, level)
2026-06-06T03:27:00.810378418Z [err]             ~~~~~~~~~~~~~~~~~~~~~~^^^^^^^^^^^^^^^^^^^^^^^^^^^^^^
2026-06-06T03:27:00.810386384Z [err]    File "<frozen importlib._bootstrap>", line 1395, in _gcd_import
2026-06-06T03:27:00.810389046Z [err]    File "<frozen importlib._bootstrap>", line 1360, in _find_and_load
2026-06-06T03:27:00.810391661Z [err]    File "<frozen importlib._bootstrap>", line 1324, in _find_and_load_unlocked
2026-06-06T03:27:00.810395727Z [err]  ModuleNotFoundError: No module named 'cloudinary_storage'
2026-06-06T03:27:02.054697168Z [err]  Traceback (most recent call last):
2026-06-06T03:27:02.054702287Z [err]    File "/app/manage.py", line 22, in <module>
2026-06-06T03:27:02.054705624Z [err]      main()
2026-06-06T03:27:02.054709187Z [err]      ~~~~^^
2026-06-06T03:27:02.054713890Z [err]    File "/app/manage.py", line 18, in main
2026-06-06T03:27:02.054718975Z [err]      execute_from_command_line(sys.argv)
2026-06-06T03:27:02.054722876Z [err]      ~~~~~~~~~~~~~~~~~~~~~~~~~^^^^^^^^^^
2026-06-06T03:27:02.054726391Z [err]    File "/app/.venv/lib/python3.13/site-packages/django/core/management/__init__.py", line 443, in execute_from_command_line
2026-06-06T03:27:02.054730087Z [err]      utility.execute()
2026-06-06T03:27:02.054733358Z [err]      ~~~~~~~~~~~~~~~^^
2026-06-06T03:27:02.054736709Z [err]    File "/app/.venv/lib/python3.13/site-packages/django/core/management/__init__.py", line 417, in execute
2026-06-06T03:27:02.054740605Z [err]      django.setup()
2026-06-06T03:27:02.054743900Z [err]      ~~~~~~~~~~~~^^
2026-06-06T03:27:02.054747707Z [err]    File "/app/.venv/lib/python3.13/site-packages/django/__init__.py", line 24, in setup
2026-06-06T03:27:02.054751046Z [err]      apps.populate(settings.INSTALLED_APPS)
2026-06-06T03:27:02.054754268Z [err]      ~~~~~~~~~~~~~^^^^^^^^^^^^^^^^^^^^^^^^^
2026-06-06T03:27:02.054757610Z [err]    File "/app/.venv/lib/python3.13/site-packages/django/apps/registry.py", line 91, in populate
2026-06-06T03:27:02.054761295Z [err]      app_config = AppConfig.create(entry)
2026-06-06T03:27:02.054765753Z [err]    File "/app/.venv/lib/python3.13/site-packages/django/apps/config.py", line 193, in create
2026-06-06T03:27:02.054769301Z [err]      import_module(entry)
2026-06-06T03:27:02.054773696Z [err]      ~~~~~~~~~~~~~^^^^^^^
2026-06-06T03:27:02.054776661Z [err]    File "/mise/installs/python/3.13.13/lib/python3.13/importlib/__init__.py", line 88, in import_module
2026-06-06T03:27:02.055955097Z [err]      return _bootstrap._gcd_import(name[level:], package, level)
2026-06-06T03:27:02.055960826Z [err]             ~~~~~~~~~~~~~~~~~~~~~~^^^^^^^^^^^^^^^^^^^^^^^^^^^^^^
2026-06-06T03:27:02.055965213Z [err]    File "<frozen importlib._bootstrap>", line 1395, in _gcd_import
2026-06-06T03:27:02.055968806Z [err]    File "<frozen importlib._bootstrap>", line 1360, in _find_and_load
2026-06-06T03:27:02.055971863Z [err]    File "<frozen importlib._bootstrap>", line 1324, in _find_and_load_unlocked
2026-06-06T03:27:02.055974974Z [err]  ModuleNotFoundError: No module named 'cloudinary_storage'
2026-06-06T03:27:03.370285195Z [err]      utility.execute()
2026-06-06T03:27:03.370286715Z [err]    File "/app/.venv/lib/python3.13/site-packages/django/apps/config.py", line 193, in create
2026-06-06T03:27:03.370292275Z [err]      ~~~~~~~~~~~~~~~^^
2026-06-06T03:27:03.370293727Z [err]      import_module(entry)
2026-06-06T03:27:03.370299215Z [err]    File "/app/.venv/lib/python3.13/site-packages/django/core/management/__init__.py", line 417, in execute
2026-06-06T03:27:03.370303344Z [err]      ~~~~~~~~~~~~~^^^^^^^
2026-06-06T03:27:03.370304588Z [err]    File "/app/.venv/lib/python3.13/site-packages/django/__init__.py", line 24, in setup
2026-06-06T03:27:03.370306326Z [err]      django.setup()
2026-06-06T03:27:03.370310708Z [err]    File "/mise/installs/python/3.13.13/lib/python3.13/importlib/__init__.py", line 88, in import_module
2026-06-06T03:27:03.370312553Z [err]      ~~~~~~~~~~~~^^
2026-06-06T03:27:03.370315538Z [err]      apps.populate(settings.INSTALLED_APPS)
2026-06-06T03:27:03.370321088Z [err]      ~~~~~~~~~~~~~^^^^^^^^^^^^^^^^^^^^^^^^^
2026-06-06T03:27:03.370326768Z [err]    File "/app/.venv/lib/python3.13/site-packages/django/apps/registry.py", line 91, in populate
2026-06-06T03:27:03.370329574Z [err]      main()
2026-06-06T03:27:03.370331376Z [err]  Traceback (most recent call last):
2026-06-06T03:27:03.370332860Z [err]      app_config = AppConfig.create(entry)
2026-06-06T03:27:03.370338822Z [err]    File "/app/manage.py", line 22, in <module>
2026-06-06T03:27:03.370339614Z [err]      ~~~~^^
2026-06-06T03:27:03.370344056Z [err]    File "/app/manage.py", line 18, in main
2026-06-06T03:27:03.370348216Z [err]      execute_from_command_line(sys.argv)
2026-06-06T03:27:03.370351982Z [err]      ~~~~~~~~~~~~~~~~~~~~~~~~~^^^^^^^^^^
2026-06-06T03:27:03.370356303Z [err]    File "/app/.venv/lib/python3.13/site-packages/django/core/management/__init__.py", line 443, in execute_from_command_line
2026-06-06T03:27:03.371308283Z [err]      return _bootstrap._gcd_import(name[level:], package, level)
2026-06-06T03:27:03.371311863Z [err]             ~~~~~~~~~~~~~~~~~~~~~~^^^^^^^^^^^^^^^^^^^^^^^^^^^^^^
2026-06-06T03:27:03.371315253Z [err]    File "<frozen importlib._bootstrap>", line 1395, in _gcd_import
2026-06-06T03:27:03.371318452Z [err]    File "<frozen importlib._bootstrap>", line 1360, in _find_and_load
2026-06-06T03:27:03.371321898Z [err]    File "<frozen importlib._bootstrap>", line 1324, in _find_and_load_unlocked
2026-06-06T03:27:03.371325739Z [err]  ModuleNotFoundError: No module named 'cloudinary_storage'
2026-06-06T03:27:04.469907195Z [err]      import_module(entry)
2026-06-06T03:27:04.469914193Z [err]      ~~~~~~~~~~~~~^^^^^^^
2026-06-06T03:27:04.469918945Z [err]  Traceback (most recent call last):
2026-06-06T03:27:04.469920626Z [err]    File "/mise/installs/python/3.13.13/lib/python3.13/importlib/__init__.py", line 88, in import_module
2026-06-06T03:27:04.469925386Z [err]    File "/app/manage.py", line 22, in <module>
2026-06-06T03:27:04.469928757Z [err]      main()
2026-06-06T03:27:04.469931884Z [err]      ~~~~^^
2026-06-06T03:27:04.469935916Z [err]    File "/app/manage.py", line 18, in main
2026-06-06T03:27:04.469938885Z [err]      execute_from_command_line(sys.argv)
2026-06-06T03:27:04.469941683Z [err]      ~~~~~~~~~~~~~~~~~~~~~~~~~^^^^^^^^^^
2026-06-06T03:27:04.469944457Z [err]    File "/app/.venv/lib/python3.13/site-packages/django/core/management/__init__.py", line 443, in execute_from_command_line
2026-06-06T03:27:04.469947212Z [err]      utility.execute()
2026-06-06T03:27:04.469950240Z [err]      ~~~~~~~~~~~~~~~^^
2026-06-06T03:27:04.469953045Z [err]    File "/app/.venv/lib/python3.13/site-packages/django/core/management/__init__.py", line 417, in execute
2026-06-06T03:27:04.469956145Z [err]      django.setup()
2026-06-06T03:27:04.469960219Z [err]      ~~~~~~~~~~~~^^
2026-06-06T03:27:04.469963427Z [err]    File "/app/.venv/lib/python3.13/site-packages/django/__init__.py", line 24, in setup
2026-06-06T03:27:04.469966299Z [err]      apps.populate(settings.INSTALLED_APPS)
2026-06-06T03:27:04.469969744Z [err]      ~~~~~~~~~~~~~^^^^^^^^^^^^^^^^^^^^^^^^^
2026-06-06T03:27:04.469972647Z [err]    File "/app/.venv/lib/python3.13/site-packages/django/apps/registry.py", line 91, in populate
2026-06-06T03:27:04.469975618Z [err]      app_config = AppConfig.create(entry)
2026-06-06T03:27:04.469978464Z [err]    File "/app/.venv/lib/python3.13/site-packages/django/apps/config.py", line 193, in create
2026-06-06T03:27:04.471789357Z [err]  ModuleNotFoundError: No module named 'cloudinary_storage'
2026-06-06T03:27:04.471810925Z [err]      return _bootstrap._gcd_import(name[level:], package, level)
2026-06-06T03:27:04.471815808Z [err]             ~~~~~~~~~~~~~~~~~~~~~~^^^^^^^^^^^^^^^^^^^^^^^^^^^^^^
2026-06-06T03:27:04.471819206Z [err]    File "<frozen importlib._bootstrap>", line 1395, in _gcd_import
2026-06-06T03:27:04.471822686Z [err]    File "<frozen importlib._bootstrap>", line 1360, in _find_and_load
2026-06-06T03:27:04.471825833Z [err]    File "<frozen importlib._bootstrap>", line 1324, in _find_and_load_unlocked
2026-06-06T03:27:05.783369375Z [err]  Traceback (most recent call last):
2026-06-06T03:27:05.783374055Z [err]    File "/app/manage.py", line 22, in <module>
2026-06-06T03:27:05.783377619Z [err]      main()
2026-06-06T03:27:05.783381013Z [err]      ~~~~^^
2026-06-06T03:27:05.783384262Z [err]    File "/app/manage.py", line 18, in main
2026-06-06T03:27:05.783387671Z [err]      execute_from_command_line(sys.argv)
2026-06-06T03:27:05.783390884Z [err]      ~~~~~~~~~~~~~~~~~~~~~~~~~^^^^^^^^^^
2026-06-06T03:27:05.783394237Z [err]    File "/app/.venv/lib/python3.13/site-packages/django/core/management/__init__.py", line 443, in execute_from_command_line
2026-06-06T03:27:05.783398144Z [err]      utility.execute()
2026-06-06T03:27:05.783402240Z [err]      ~~~~~~~~~~~~~~~^^
2026-06-06T03:27:05.783405356Z [err]    File "/app/.venv/lib/python3.13/site-packages/django/core/management/__init__.py", line 417, in execute
2026-06-06T03:27:05.783408222Z [err]      django.setup()
2026-06-06T03:27:05.783411132Z [err]      ~~~~~~~~~~~~^^
2026-06-06T03:27:05.783415439Z [err]    File "/app/.venv/lib/python3.13/site-packages/django/__init__.py", line 24, in setup
2026-06-06T03:27:05.783418825Z [err]      apps.populate(settings.INSTALLED_APPS)
2026-06-06T03:27:05.783422066Z [err]      ~~~~~~~~~~~~~^^^^^^^^^^^^^^^^^^^^^^^^^
2026-06-06T03:27:05.783425454Z [err]    File "/app/.venv/lib/python3.13/site-packages/django/apps/registry.py", line 91, in populate
2026-06-06T03:27:05.783429531Z [err]      app_config = AppConfig.create(entry)
2026-06-06T03:27:05.783432548Z [err]    File "/app/.venv/lib/python3.13/site-packages/django/apps/config.py", line 193, in create
2026-06-06T03:27:05.783435822Z [err]      import_module(entry)
2026-06-06T03:27:05.783438612Z [err]      ~~~~~~~~~~~~~^^^^^^^
2026-06-06T03:27:05.783441387Z [err]    File "/mise/installs/python/3.13.13/lib/python3.13/importlib/__init__.py", line 88, in import_module
2026-06-06T03:27:05.784812829Z [err]      return _bootstrap._gcd_import(name[level:], package, level)
2026-06-06T03:27:05.784818065Z [err]             ~~~~~~~~~~~~~~~~~~~~~~^^^^^^^^^^^^^^^^^^^^^^^^^^^^^^
2026-06-06T03:27:05.784821953Z [err]    File "<frozen importlib._bootstrap>", line 1395, in _gcd_import
2026-06-06T03:27:05.784825329Z [err]    File "<frozen importlib._bootstrap>", line 1360, in _find_and_load
2026-06-06T03:27:05.784828702Z [err]    File "<frozen importlib._bootstrap>", line 1324, in _find_and_load_unlocked
2026-06-06T03:27:05.784832625Z [err]  ModuleNotFoundError: No module named 'cloudinary_storage'
2026-06-06T03:27:07.113331626Z [err]    File "/app/.venv/lib/python3.13/site-packages/django/core/management/__init__.py", line 417, in execute
2026-06-06T03:27:07.113339407Z [err]      django.setup()
2026-06-06T03:27:07.113343795Z [err]      ~~~~~~~~~~~~^^
2026-06-06T03:27:07.113347034Z [err]    File "/app/.venv/lib/python3.13/site-packages/django/__init__.py", line 24, in setup
2026-06-06T03:27:07.113352614Z [err]      apps.populate(settings.INSTALLED_APPS)
2026-06-06T03:27:07.113354489Z [err]  Traceback (most recent call last):
2026-06-06T03:27:07.113358621Z [err]      ~~~~~~~~~~~~~^^^^^^^^^^^^^^^^^^^^^^^^^
2026-06-06T03:27:07.113360088Z [err]    File "/app/manage.py", line 22, in <module>
2026-06-06T03:27:07.113365510Z [err]      main()
2026-06-06T03:27:07.113366069Z [err]    File "/app/.venv/lib/python3.13/site-packages/django/apps/registry.py", line 91, in populate
2026-06-06T03:27:07.113371213Z [err]      ~~~~^^
2026-06-06T03:27:07.113372429Z [err]      app_config = AppConfig.create(entry)
2026-06-06T03:27:07.113377670Z [err]    File "/app/manage.py", line 18, in main
2026-06-06T03:27:07.113378303Z [err]    File "/app/.venv/lib/python3.13/site-packages/django/apps/config.py", line 193, in create
2026-06-06T03:27:07.113383594Z [err]      execute_from_command_line(sys.argv)
2026-06-06T03:27:07.113384478Z [err]      import_module(entry)
2026-06-06T03:27:07.113389041Z [err]      ~~~~~~~~~~~~~~~~~~~~~~~~~^^^^^^^^^^
2026-06-06T03:27:07.113390792Z [err]      ~~~~~~~~~~~~~^^^^^^^
2026-06-06T03:27:07.113395187Z [err]    File "/app/.venv/lib/python3.13/site-packages/django/core/management/__init__.py", line 443, in execute_from_command_line
2026-06-06T03:27:07.113395760Z [err]    File "/mise/installs/python/3.13.13/lib/python3.13/importlib/__init__.py", line 88, in import_module
2026-06-06T03:27:07.113399066Z [err]      utility.execute()
2026-06-06T03:27:07.113401784Z [err]      ~~~~~~~~~~~~~~~^^
2026-06-06T03:27:07.114827676Z [err]      return _bootstrap._gcd_import(name[level:], package, level)
2026-06-06T03:27:07.114831823Z [err]             ~~~~~~~~~~~~~~~~~~~~~~^^^^^^^^^^^^^^^^^^^^^^^^^^^^^^
2026-06-06T03:27:07.114835349Z [err]    File "<frozen importlib._bootstrap>", line 1395, in _gcd_import
2026-06-06T03:27:07.114838722Z [err]    File "<frozen importlib._bootstrap>", line 1360, in _find_and_load
2026-06-06T03:27:07.114844287Z [err]    File "<frozen importlib._bootstrap>", line 1324, in _find_and_load_unlocked
2026-06-06T03:27:07.114848038Z [err]  ModuleNotFoundError: No module named 'cloudinary_storage'
2026-06-06T03:27:08.406775609Z [err]      utility.execute()
2026-06-06T03:27:08.406777040Z [err]    File "/app/.venv/lib/python3.13/site-packages/django/apps/config.py", line 193, in create
2026-06-06T03:27:08.406781452Z [err]      ~~~~~~~~~~~~~~~^^
2026-06-06T03:27:08.406784912Z [err]      import_module(entry)
2026-06-06T03:27:08.406787472Z [err]    File "/app/.venv/lib/python3.13/site-packages/django/core/management/__init__.py", line 417, in execute
2026-06-06T03:27:08.406791732Z [err]      ~~~~~~~~~~~~~^^^^^^^
2026-06-06T03:27:08.406793707Z [err]      django.setup()
2026-06-06T03:27:08.406798107Z [err]    File "/mise/installs/python/3.13.13/lib/python3.13/importlib/__init__.py", line 88, in import_module
2026-06-06T03:27:08.406799760Z [err]      ~~~~~~~~~~~~^^
2026-06-06T03:27:08.406809079Z [err]  Traceback (most recent call last):
2026-06-06T03:27:08.406814454Z [err]    File "/app/manage.py", line 18, in main
2026-06-06T03:27:08.406814942Z [err]    File "/app/.venv/lib/python3.13/site-packages/django/__init__.py", line 24, in setup
2026-06-06T03:27:08.406816722Z [err]    File "/app/manage.py", line 22, in <module>
2026-06-06T03:27:08.406821599Z [err]      execute_from_command_line(sys.argv)
2026-06-06T03:27:08.406822264Z [err]      apps.populate(settings.INSTALLED_APPS)
2026-06-06T03:27:08.406825765Z [err]      main()
2026-06-06T03:27:08.406829546Z [err]      ~~~~~~~~~~~~~~~~~~~~~~~~~^^^^^^^^^^
2026-06-06T03:27:08.406831405Z [err]      ~~~~~~~~~~~~~^^^^^^^^^^^^^^^^^^^^^^^^^
2026-06-06T03:27:08.406834245Z [err]      ~~~~^^
2026-06-06T03:27:08.406837696Z [err]    File "/app/.venv/lib/python3.13/site-packages/django/apps/registry.py", line 91, in populate
2026-06-06T03:27:08.406838278Z [err]    File "/app/.venv/lib/python3.13/site-packages/django/core/management/__init__.py", line 443, in execute_from_command_line
2026-06-06T03:27:08.406842234Z [err]      app_config = AppConfig.create(entry)
2026-06-06T03:27:08.407822423Z [err]      return _bootstrap._gcd_import(name[level:], package, level)
2026-06-06T03:27:08.407829430Z [err]             ~~~~~~~~~~~~~~~~~~~~~~^^^^^^^^^^^^^^^^^^^^^^^^^^^^^^
2026-06-06T03:27:08.407832874Z [err]    File "<frozen importlib._bootstrap>", line 1395, in _gcd_import
2026-06-06T03:27:08.407836072Z [err]    File "<frozen importlib._bootstrap>", line 1360, in _find_and_load
2026-06-06T03:27:08.407839174Z [err]    File "<frozen importlib._bootstrap>", line 1324, in _find_and_load_unlocked
2026-06-06T03:27:08.407842376Z [err]  ModuleNotFoundError: No module named 'cloudinary_storage'
2026-06-06T03:27:09.599355157Z [err]    File "/app/.venv/lib/python3.13/site-packages/django/apps/config.py", line 193, in create
2026-06-06T03:27:09.599362877Z [err]      import_module(entry)
2026-06-06T03:27:09.599367615Z [err]      ~~~~~~~~~~~~~^^^^^^^
2026-06-06T03:27:09.599372357Z [err]    File "/mise/installs/python/3.13.13/lib/python3.13/importlib/__init__.py", line 88, in import_module
2026-06-06T03:27:09.599379647Z [err]  Traceback (most recent call last):
2026-06-06T03:27:09.599384137Z [err]    File "/app/manage.py", line 22, in <module>
2026-06-06T03:27:09.599388686Z [err]      main()
2026-06-06T03:27:09.599392945Z [err]      ~~~~^^
2026-06-06T03:27:09.599397271Z [err]    File "/app/manage.py", line 18, in main
2026-06-06T03:27:09.599400642Z [err]      execute_from_command_line(sys.argv)
2026-06-06T03:27:09.599404526Z [err]      ~~~~~~~~~~~~~~~~~~~~~~~~~^^^^^^^^^^
2026-06-06T03:27:09.599408075Z [err]    File "/app/.venv/lib/python3.13/site-packages/django/core/management/__init__.py", line 443, in execute_from_command_line
2026-06-06T03:27:09.599412226Z [err]      utility.execute()
2026-06-06T03:27:09.599416368Z [err]      ~~~~~~~~~~~~~~~^^
2026-06-06T03:27:09.599420135Z [err]    File "/app/.venv/lib/python3.13/site-packages/django/core/management/__init__.py", line 417, in execute
2026-06-06T03:27:09.599423827Z [err]      django.setup()
2026-06-06T03:27:09.599427245Z [err]      ~~~~~~~~~~~~^^
2026-06-06T03:27:09.599430819Z [err]    File "/app/.venv/lib/python3.13/site-packages/django/__init__.py", line 24, in setup
2026-06-06T03:27:09.599434296Z [err]      apps.populate(settings.INSTALLED_APPS)
2026-06-06T03:27:09.599437629Z [err]      ~~~~~~~~~~~~~^^^^^^^^^^^^^^^^^^^^^^^^^
2026-06-06T03:27:09.599443395Z [err]    File "/app/.venv/lib/python3.13/site-packages/django/apps/registry.py", line 91, in populate
2026-06-06T03:27:09.599446862Z [err]      app_config = AppConfig.create(entry)
2026-06-06T03:27:09.600984357Z [err]      return _bootstrap._gcd_import(name[level:], package, level)
2026-06-06T03:27:09.600992291Z [err]             ~~~~~~~~~~~~~~~~~~~~~~^^^^^^^^^^^^^^^^^^^^^^^^^^^^^^
2026-06-06T03:27:09.600996404Z [err]    File "<frozen importlib._bootstrap>", line 1395, in _gcd_import
2026-06-06T03:27:09.601000606Z [err]    File "<frozen importlib._bootstrap>", line 1360, in _find_and_load
2026-06-06T03:27:09.601004098Z [err]    File "<frozen importlib._bootstrap>", line 1324, in _find_and_load_unlocked
2026-06-06T03:27:09.601008455Z [err]  ModuleNotFoundError: No module named 'cloudinary_storage'
2026-06-06T03:27:10.849522897Z [err]      ~~~~~~~~~~~~~^^^^^^^^^^^^^^^^^^^^^^^^^
2026-06-06T03:27:10.849529380Z [err]    File "/app/.venv/lib/python3.13/site-packages/django/apps/registry.py", line 91, in populate
2026-06-06T03:27:10.849534955Z [err]      app_config = AppConfig.create(entry)
2026-06-06T03:27:10.849535168Z [err]  Traceback (most recent call last):
2026-06-06T03:27:10.849540995Z [err]    File "/app/manage.py", line 22, in <module>
2026-06-06T03:27:10.849541835Z [err]    File "/app/.venv/lib/python3.13/site-packages/django/apps/config.py", line 193, in create
2026-06-06T03:27:10.849546844Z [err]      import_module(entry)
2026-06-06T03:27:10.849547922Z [err]      main()
2026-06-06T03:27:10.849553862Z [err]      ~~~~^^
2026-06-06T03:27:10.849553931Z [err]      ~~~~~~~~~~~~~^^^^^^^
2026-06-06T03:27:10.849560110Z [err]    File "/app/manage.py", line 18, in main
2026-06-06T03:27:10.849560372Z [err]    File "/mise/installs/python/3.13.13/lib/python3.13/importlib/__init__.py", line 88, in import_module
2026-06-06T03:27:10.849564334Z [err]      execute_from_command_line(sys.argv)
2026-06-06T03:27:10.849568769Z [err]      ~~~~~~~~~~~~~~~~~~~~~~~~~^^^^^^^^^^
2026-06-06T03:27:10.849571518Z [err]    File "/app/.venv/lib/python3.13/site-packages/django/core/management/__init__.py", line 443, in execute_from_command_line
2026-06-06T03:27:10.849574365Z [err]      utility.execute()
2026-06-06T03:27:10.849577405Z [err]      ~~~~~~~~~~~~~~~^^
2026-06-06T03:27:10.849580567Z [err]    File "/app/.venv/lib/python3.13/site-packages/django/core/management/__init__.py", line 417, in execute
2026-06-06T03:27:10.849583628Z [err]      django.setup()
2026-06-06T03:27:10.849586540Z [err]      ~~~~~~~~~~~~^^
2026-06-06T03:27:10.849594182Z [err]    File "/app/.venv/lib/python3.13/site-packages/django/__init__.py", line 24, in setup
2026-06-06T03:27:10.849597312Z [err]      apps.populate(settings.INSTALLED_APPS)
2026-06-06T03:27:10.850853646Z [err]      return _bootstrap._gcd_import(name[level:], package, level)
2026-06-06T03:27:10.850856258Z [err]             ~~~~~~~~~~~~~~~~~~~~~~^^^^^^^^^^^^^^^^^^^^^^^^^^^^^^
2026-06-06T03:27:10.850859231Z [err]    File "<frozen importlib._bootstrap>", line 1395, in _gcd_import
2026-06-06T03:27:10.850862405Z [err]    File "<frozen importlib._bootstrap>", line 1360, in _find_and_load
2026-06-06T03:27:10.850865356Z [err]    File "<frozen importlib._bootstrap>", line 1324, in _find_and_load_unlocked
2026-06-06T03:27:10.850868707Z [err]  ModuleNotFoundError: No module named 'cloudinary_storage'